// Jest Snapshot v1, https://goo.gl/fbAQLP

exports[`UndoList 组件 渲染样式快照 1`] = `
<div
  className="undo-list"
>
  <div
    className="list-title"
  >
    TODO
    <div
      className="count"
      data-test="count"
    >
      4
    </div>
  </div>
  <ul
    className="list-ul"
  >
    <li
      className="list-item"
      data-test="list-item"
      key="[object Object]-0"
    >
      <span
        data-test="list-item-text"
        onClick={[Function]}
      >
        JEST
      </span>
      <div
        className="delete"
        data-test="delete-btn"
        onClick={[Function]}
      >
        ×
      </div>
    </li>
    <li
      className="list-item"
      data-test="list-item"
      key="[object Object]-1"
    >
      <span
        data-test="list-item-text"
        onClick={[Function]}
      >
        enzyme
      </span>
      <div
        className="delete"
        data-test="delete-btn"
        onClick={[Function]}
      >
        ×
      </div>
    </li>
    <li
      className="list-item"
      data-test="list-item"
      key="[object Object]-2"
    >
      <span
        data-test="list-item-text"
        onClick={[Function]}
      >
        rn
      </span>
      <div
        className="delete"
        data-test="delete-btn"
        onClick={[Function]}
      >
        ×
      </div>
    </li>
    <li
      className="list-item"
      data-test="list-item"
      key="[object Object]-3"
    >
      <span
        data-test="list-item-text"
        onClick={[Function]}
      >
        react
      </span>
      <div
        className="delete"
        data-test="delete-btn"
        onClick={[Function]}
      >
        ×
      </div>
    </li>
  </ul>
</div>
`;
